// Jest Snapshot v1, https://goo.gl/fbAQLP

exports[`Footer renders the UI as expected 1`] = `
<footer
  className="footer"
>
  <p
    className="footer-text"
  >
    Created with ðŸ’– by Henry Kc at Microverse Inc., US.
  </p>
</footer>
`;
