// Jest Snapshot v1, https://goo.gl/fbAQLP

exports[`Quotes page renders the UI as expected 1`] = `
<div
  className="quotes"
>
  <p
    className="loading"
  >
    Loading...
  </p>
  <p
    className="quote"
  >
    
    <br />
    <span
      className="quote"
    >
      
    </span>
  </p>
  
</div>
`;
